a++: 3
a: 4
a-- + b++: 8
c: 6
c++ + c++ + c++: 21
c: -1
c: -1
