x: [2, 3, 4, ]
y: [4, 8, 12, ]
x + y: [6, 11, 16, ]
x * y: 80
|x - y| ^ 2 = 93
